// Jest Snapshot v1, https://goo.gl/fbAQLP

exports[`Testing <FirstApp /> should match with the snapshot 1`] = `
<div>
  <h1
    data-testid="test-title"
  >
    Hola, soy Goku
  </h1>
  <h2 />
  <h2 />
  <h2 />
  <h2 />
  <h3 />
</div>
`;
